Microchip MPLAB XC8 Compiler V2.05 ()

Linker command line:

-W-3 --edf=C:\Program Files (x86)\Microchip\xc8\v2.05\pic\dat\en_msgs.txt \
  -cs -h+dist/default/production\alarmFuncionality.X.production.sym \
  --cmf=dist/default/production\alarmFuncionality.X.production.cmf -z \
  -Q16F1778 -oC:\Users\Owner\AppData\Local\Temp\s9ck.2 \
  --defsym=__MPLAB_BUILD=1 \
  -Mdist/default/production/alarmFuncionality.X.production.map -E1 -ver=XC8 \
  --acfsm=1493 -ASTACK=02410h-025EFh -pstack=STACK -ACODE=00h-07FFhx8 \
  -ASTRCODE=00h-03FFFh -ASTRING=00h-0FFhx64 -ACONST=00h-0FFhx64 \
  -AENTRY=00h-0FFhx64 -ACOMMON=070h-07Fh -ABANK0=020h-06Fh \
  -ABANK1=0A0h-0EFh -ABANK2=0120h-016Fh -ABANK3=01A0h-01EFh \
  -ABANK4=0220h-026Fh -ABANK5=02A0h-02EFh -ABANK6=0320h-036Fh \
  -ABANK7=03A0h-03EFh -ABANK8=0420h-046Fh -ABANK9=04A0h-04EFh \
  -ABANK10=0520h-056Fh -ABANK11=05A0h-05EFh -ABANK12=0620h-064Fh \
  -ABANK13=06A0h-06EFh -ABANK14=0720h-076Fh -ABANK15=07A0h-07EFh \
  -ABANK16=0820h-086Fh -ABANK17=08A0h-08EFh -ABANK18=0920h-096Fh \
  -ABANK19=09A0h-09EFh -ABANK20=0A20h-0A6Fh -ABANK21=0AA0h-0AEFh \
  -ABANK22=0B20h-0B6Fh -ABANK23=0BA0h-0BEFh -ABANK24=0C20h-0C6Fh \
  -ABANK25=0CA0h-0CBFh -ABIGRAM=02000h-023EFh,02410h-027EFh \
  -ARAM=020h-06Fh,0A0h-0EFh,0120h-016Fh,01A0h-01EFh,0220h-026Fh,02A0h-02EFh,0320h-036Fh,03A0h-03EFh,0420h-046Fh,04A0h-04EFh,0520h-056Fh,05A0h-05EFh,0620h-064Fh,06A0h-06EFh,0720h-076Fh,07A0h-07EFh,0820h-086Fh,08A0h-08EFh,0920h-096Fh,09A0h-09EFh,0A20h-0A6Fh,0AA0h-0AEFh,0B20h-0B6Fh,0BA0h-0BEFh,0C20h-0C6Fh,0CA0h-0CBFh \
  -AABS1=020h-07Fh,0A0h-0EFh,0120h-016Fh,01A0h-01EFh,0220h-026Fh,02A0h-02EFh,0320h-036Fh,03A0h-03EFh,0420h-046Fh,04A0h-04EFh,0520h-056Fh,05A0h-05EFh,0620h-064Fh,06A0h-06EFh,0720h-076Fh,07A0h-07EFh,0820h-086Fh,08A0h-08EFh,0920h-096Fh,09A0h-09EFh,0A20h-0A6Fh,0AA0h-0AEFh,0B20h-0B6Fh,0BA0h-0BEFh,0C20h-0C6Fh,0CA0h-0CBFh \
  -ASFR0=00h-01Fh -ASFR1=080h-09Fh -ASFR2=0100h-011Fh -ASFR3=0180h-019Fh \
  -ASFR4=0200h-021Fh -ASFR5=0280h-029Fh -ASFR6=0300h-031Fh \
  -ASFR7=0380h-039Fh -ASFR8=0400h-041Fh -ASFR9=0480h-049Fh \
  -ASFR10=0500h-051Fh -ASFR11=0580h-059Fh -ASFR12=0600h-061Fh \
  -ASFR13=0680h-069Fh -ASFR14=0700h-071Fh -ASFR15=0780h-079Fh \
  -ASFR16=0800h-081Fh -ASFR17=0880h-089Fh -ASFR18=0900h-091Fh \
  -ASFR19=0980h-099Fh -ASFR20=0A00h-0A1Fh -ASFR21=0A80h-0A9Fh \
  -ASFR22=0B00h-0B1Fh -ASFR23=0B80h-0B9Fh -ASFR24=0C00h-0C1Fh \
  -ASFR25=0C80h-0C9Fh -ASFR26=0D00h-0D6Fh -ASFR27=0D80h-0DEFh \
  -ASFR28=0E00h-0E6Fh -ASFR29=0E80h-0EEFh -ASFR30=0F00h-0F6Fh \
  -ASFR31=0F80h-0FEFh -preset_vec=00h,intentry=04h,init,end_init \
  -ppowerup=CODE -pcinit=CODE -pfunctab=ENTRY -ACONFIG=08007h-08008h \
  -pconfig=CONFIG -DCONFIG=2 -AIDLOC=08000h-08003h -pidloc=IDLOC -DIDLOC=2 \
  -DCODE=2 -DSTRCODE=2 -DSTRING=2 -DCONST=2 -DENTRY=2 -k \
  C:\Users\Owner\AppData\Local\Temp\s9ck.o \
  dist/default/production\alarmFuncionality.X.production.o 

Object code version is 3.11

Machine type is 16F1778



                Name                               Link     Load   Length Selector   Space Scale
C:\Users\Owner\AppData\Local\Temp\s9ck.o
                end_init                             40       40        2        8       0
                reset_vec                             0        0        2        0       0
                config                             8007     8007        2    1000E       0
dist/default/production\alarmFuncionality.X.production.o
                cinit                                42       42       4F        8       0
                intentry                              4        4       3C        8       0
                text20                              D04      D04       1A     1A08       0
                text19                              C88      C88        A     1910       0
                text18                              C7A      C7A        7     18F4       0
                text17                              D66      D66       2D     1ACC       0
                text16                              CC2      CC2       11     1984       0
                text15                              C81      C81        7     1902       0
                text14                              6DB      6DB       99      BD0       0
                text13                              F74      F74       8C     1EE8       0
                text12                              D1E      D1E       1D     1A3C       0
                text11                              C92      C92        B     1924       0
                text10                              F0D      F0D       67     1E1A       0
                text9                               CD3      CD3       18     19A6       0
                text8                               3C9      3C9      11F        8       0
                text7                               E63      E63       51     1CC6       0
                text6                                91       91      338        8       0
                text5                               774      774       8C      BD0       0
                text4                               EB4      EB4       59     1D68       0
                text3                               5E8      5E8       F3      BD0       0
                text2                               CEB      CEB       19     19D6       0
                text1                               D3B      D3B       2B     1A76       0
                maintext                            D93      D93       34     1B26       0
                cstackBANK0                          3A       3A        E       20       1
                cstackCOMMON                         70       70        D       70       1
                clrtext                             C9D      C9D        C     193A       0
                inittext                            CA9      CA9        C     1952       0
                dataBANK2                           120      120       4E      120       1
                dataBANK1                            A0       A0       4E       A0       1
                dataBANK0                            48       48        D       20       1
                bssBANK0                             20       20       1A       20       1
                bssCOMMON                            7D       7D        1       70       1
                stringtext1                         4E8      4E8      100      9D0       0
                idataBANK2                          DC7      DC7       4E     1B8E       0
                idataBANK1                          E15      E15       4E     1C2A       0
                idataBANK0                          CB5      CB5        D     196A       0

TOTAL           Name                               Link     Load   Length     Space
        CLASS   STACK          

        CLASS   CODE           
                end_init                             40       40        2         0
                cinit                                42       42       4F         0
                intentry                              4        4       3C         0
                reset_vec                             0        0        2         0
                text20                              D04      D04       1A         0
                text19                              C88      C88        A         0
                text18                              C7A      C7A        7         0
                text17                              D66      D66       2D         0
                text16                              CC2      CC2       11         0
                text15                              C81      C81        7         0
                text14                              6DB      6DB       99         0
                text13                              F74      F74       8C         0
                text12                              D1E      D1E       1D         0
                text11                              C92      C92        B         0
                text10                              F0D      F0D       67         0
                text9                               CD3      CD3       18         0
                text8                               3C9      3C9      11F         0
                text7                               E63      E63       51         0
                text6                                91       91      338         0
                text5                               774      774       8C         0
                text4                               EB4      EB4       59         0
                text3                               5E8      5E8       F3         0
                text2                               CEB      CEB       19         0
                text1                               D3B      D3B       2B         0
                maintext                            D93      D93       34         0
                clrtext                             C9D      C9D        C         0
                inittext                            CA9      CA9        C         0
                idataBANK2                          DC7      DC7       4E         0
                idataBANK1                          E15      E15       4E         0
                idataBANK0                          CB5      CB5        D         0

        CLASS   STRCODE        
                stringtext1                         4E8      4E8      100         0

        CLASS   STRING         

        CLASS   CONST          

        CLASS   ENTRY          

        CLASS   COMMON         
                cstackCOMMON                         70       70        D         1
                bssCOMMON                            7D       7D        1         1

        CLASS   BANK0          
                cstackBANK0                          3A       3A        E         1
                dataBANK0                            48       48        D         1
                bssBANK0                             20       20       1A         1

        CLASS   BANK1          
                dataBANK1                            A0       A0       4E         1

        CLASS   BANK2          
                dataBANK2                           120      120       4E         1

        CLASS   BANK3          

        CLASS   BANK4          

        CLASS   BANK5          

        CLASS   BANK6          

        CLASS   BANK7          

        CLASS   BANK8          

        CLASS   BANK9          

        CLASS   BANK10         

        CLASS   BANK11         

        CLASS   BANK12         

        CLASS   BANK13         

        CLASS   BANK14         

        CLASS   BANK15         

        CLASS   BANK16         

        CLASS   BANK17         

        CLASS   BANK18         

        CLASS   BANK19         

        CLASS   BANK20         

        CLASS   BANK21         

        CLASS   BANK22         

        CLASS   BANK23         

        CLASS   BANK24         

        CLASS   BANK25         

        CLASS   BIGRAM         

        CLASS   RAM            

        CLASS   ABS1           
                abs_s1                               7E       7E        2         1
                abs_s1                              330      330       40         1
                abs_s1                              3A0      3A0       50         1
                abs_s1                              420      420       50         1
                abs_s1                              4A0      4A0       50         1
                abs_s1                              520      520       50         1
                abs_s1                              5A0      5A0       50         1
                abs_s1                              620      620       30         1
                abs_s1                              9A0      9A0       50         1
                abs_s1                              A20      A20       50         1
                abs_s1                              AA0      AA0       50         1
                abs_s1                              B20      B20       50         1
                abs_s1                              BA0      BA0       50         1
                abs_s1                              C20      C20       50         1
                abs_s1                              CA0      CA0       20         1
                abs_s1                             21F0     21F0        0         1
                abs_s1                             25F0     25F0        0         1

        CLASS   SFR0           

        CLASS   SFR1           

        CLASS   SFR2           

        CLASS   SFR3           

        CLASS   SFR4           

        CLASS   SFR5           

        CLASS   SFR6           

        CLASS   SFR7           

        CLASS   SFR8           

        CLASS   SFR9           

        CLASS   SFR10          

        CLASS   SFR11          

        CLASS   SFR12          

        CLASS   SFR13          

        CLASS   SFR14          

        CLASS   SFR15          

        CLASS   SFR16          

        CLASS   SFR17          

        CLASS   SFR18          

        CLASS   SFR19          

        CLASS   SFR20          

        CLASS   SFR21          

        CLASS   SFR22          

        CLASS   SFR23          

        CLASS   SFR24          

        CLASS   SFR25          

        CLASS   SFR26          

        CLASS   SFR27          

        CLASS   SFR28          

        CLASS   SFR29          

        CLASS   SFR30          

        CLASS   SFR31          

        CLASS   CONFIG         
                config                             8007     8007        2         0

        CLASS   IDLOC          

        CLASS   BANK31         

        CLASS   BANK30         

        CLASS   BANK29         

        CLASS   BANK28         

        CLASS   BANK27         

        CLASS   BANK26         

        CLASS   EEDATA         



SEGMENTS        Name                           Load    Length   Top    Selector   Space  Class     Delta

                reset_vec                      000000  000002  000002         0       0  CODE        2
                intentry                       000004  0004E4  0004E8         8       0  CODE        2
                bssBANK0                       000020  000035  000055        20       1  BANK0       1
                cstackCOMMON                   000070  00000E  00007E        70       1  COMMON      1
                dataBANK1                      0000A0  00004E  0000EE        A0       1  BANK1       1
                dataBANK2                      000120  00004E  00016E       120       1  BANK2       1
                stringtext1                    0004E8  000100  0005E8       9D0       0  STRCODE     2
                text3                          0005E8  000218  000800       BD0       0  CODE        2
                text18                         000C7A  000007  000C81      18F4       0  CODE        2
                text15                         000C81  000007  000C88      1902       0  CODE        2
                text19                         000C88  00000A  000C92      1910       0  CODE        2
                text11                         000C92  00000B  000C9D      1924       0  CODE        2
                clrtext                        000C9D  00000C  000CA9      193A       0  CODE        2
                inittext                       000CA9  00000C  000CB5      1952       0  CODE        2
                idataBANK0                     000CB5  00000D  000CC2      196A       0  CODE        2
                text16                         000CC2  000011  000CD3      1984       0  CODE        2
                text9                          000CD3  000018  000CEB      19A6       0  CODE        2
                text2                          000CEB  000019  000D04      19D6       0  CODE        2
                text20                         000D04  00001A  000D1E      1A08       0  CODE        2
                text12                         000D1E  00001D  000D3B      1A3C       0  CODE        2
                text1                          000D3B  00002B  000D66      1A76       0  CODE        2
                text17                         000D66  00002D  000D93      1ACC       0  CODE        2
                maintext                       000D93  000034  000DC7      1B26       0  CODE        2
                idataBANK2                     000DC7  00004E  000E15      1B8E       0  CODE        2
                idataBANK1                     000E15  00004E  000E63      1C2A       0  CODE        2
                text7                          000E63  000051  000EB4      1CC6       0  CODE        2
                text4                          000EB4  000059  000F0D      1D68       0  CODE        2
                text10                         000F0D  000067  000F74      1E1A       0  CODE        2
                text13                         000F74  00008C  001000      1EE8       0  CODE        2
                config                         008007  000002  008009     1000E       0  CONFIG      2


UNUSED ADDRESS RANGES

        Name                Unused          Largest block    Delta
        BANK0            00055-0006F              1B           1
        BANK1            000EE-000EF               2           1
        BANK13           006A0-006EF              50           1
        BANK14           00720-0076F              50           1
        BANK15           007A0-007EF              50           1
        BANK16           00820-0086F              50           1
        BANK17           008A0-008EF              50           1
        BANK18           00920-0096F              50           1
        BANK2            0016E-0016F               2           1
        BANK3            001A0-001EF              50           1
        BANK4            00220-0026F              50           1
        BANK5            002A0-002EF              50           1
        BANK6            00320-0032F              10           1
        BIGRAM           02000-023EF             3F0           1
                         02410-027EF             3E0
        CODE             00002-00003               2           2
                         00800-00C79             47A
                         01000-03FFF             800
        CONST            00002-00003               2           2
                         00800-00C79             100
                         01000-03FFF             100
        ENTRY            00002-00003               2           2
                         00800-00C79             100
                         01000-03FFF             100
        IDLOC            08000-08003               4           2
        RAM              00055-0006F              1B           1
                         000EE-000EF               2
                         0016E-0016F               2
                         001A0-001EF              50
                         00220-0026F              50
                         002A0-002EF              50
                         00320-0032F              10
                         006A0-006EF              50
                         00720-0076F              50
                         007A0-007EF              50
                         00820-0086F              50
                         008A0-008EF              50
                         00920-0096F              50
        SFR0             00000-0001F              20           1
        SFR1             00080-0009F              20           1
        SFR10            00500-0051F              20           1
        SFR11            00580-0059F              20           1
        SFR12            00600-0061F              20           1
        SFR13            00680-0069F              20           1
        SFR14            00700-0071F              20           1
        SFR15            00780-0079F              20           1
        SFR16            00800-0081F              20           1
        SFR17            00880-0089F              20           1
        SFR18            00900-0091F              20           1
        SFR19            00980-0099F              20           1
        SFR2             00100-0011F              20           1
        SFR20            00A00-00A1F              20           1
        SFR21            00A80-00A9F              20           1
        SFR22            00B00-00B1F              20           1
        SFR23            00B80-00B9F              20           1
        SFR24            00C00-00C1F              20           1
        SFR25            00C80-00C9F              20           1
        SFR26            00D00-00D6F              70           1
        SFR27            00D80-00DEF              70           1
        SFR28            00E00-00E6F              70           1
        SFR29            00E80-00EEF              70           1
        SFR3             00180-0019F              20           1
        SFR30            00F00-00F6F              70           1
        SFR31            00F80-00FEF              70           1
        SFR4             00200-0021F              20           1
        SFR5             00280-0029F              20           1
        SFR6             00300-0031F              20           1
        SFR7             00380-0039F              20           1
        SFR8             00400-0041F              20           1
        SFR9             00480-0049F              20           1
        STACK            02410-025EF             1E0           1
        STRCODE          00002-00003               2           2
                         00800-00C79             47A
                         01000-03FFF            3000
        STRING           00002-00003               2           2
                         00800-00C79             100
                         01000-03FFF             100

                                  Symbol Table

?___awdiv                        cstackCOMMON 00070
SD_Check40bitResponse@Byte0      cstackCOMMON 00073
SD_Check40bitResponse@Byte1      cstackCOMMON 00072
SD_Check40bitResponse@Byte2      cstackCOMMON 00071
SD_Check40bitResponse@Byte3      cstackCOMMON 00070
SD_Check40bitResponse@Byte4      cstackCOMMON 00074
SD_Check40bitResponse@match      cstackCOMMON 00075
SD_Check8bitResponse@Byte        cstackCOMMON 00070
SD_Check8bitResponse@match       cstackCOMMON 00071
SD_Read40bitResponse@readMessage cstackCOMMON 00071
SD_Read8bitResponse@readMessage  cstackCOMMON 00071
SD_SendCommand@ARG0              cstackCOMMON 00074
SD_SendCommand@ARG1              cstackCOMMON 00073
SD_SendCommand@ARG2              cstackCOMMON 00072
SD_SendCommand@ARG3              cstackCOMMON 00071
SD_SendCommand@ByteToSend        cstackCOMMON 00077
SD_SendCommand@CMD_6bit          cstackCOMMON 00076
SD_SendCommand@Checksum          cstackCOMMON 00078
SPI_Write@Data_8bit              cstackCOMMON 00070
_ANSC3                           (abs)        00C73
_ANSELBbits                      (abs)        0018D
_CRCTable                        stringtext1  004E8
_DAC1CON0                        (abs)        0058E
_DAC1LD                          (abs)        02C68
_DAC1REF                         (abs)        0058F
_GLBL_ReadBuffer                 (abs)        021F0
_GLBL_Resp40                     dataBANK0    00048
_GLBL_Resp8                      dataBANK0    00054
_GLBL_WriteBuffer                (abs)        025F0
_G_8counter                      bssBANK0     0002C
_G_8hasAddress                   bssBANK0     00035
_G_8sendbyte                     bssBANK0     00036
_G_au16endAddresses              dataBANK2    00120
_G_au16startAddresses            dataBANK1    000A0
_G_u16Address                    bssBANK0     00038
_G_u16EndAddress                 bssBANK0     0002A
_G_u16alarmHour                  dataBANK0    0004F
_G_u16alarmMin                   dataBANK0    0004D
_G_u16hour                       dataBANK0    00051
_G_u16min                        bssBANK0     00028
_G_u16sec                        bssBANK0     00026
_G_u8charPointer                 bssCOMMON    0007D
_INTCON                          (abs)        0000B
_OSCCON                          (abs)        0009B
_OSCSTATbits                     (abs)        0009C
_PIE1                            (abs)        00091
_PIR1bits                        (abs)        00011
_PORTBbits                       (abs)        0000D
_PORTCbits                       (abs)        0000E
_RC2PPS                          (abs)        00EA2
_RC4PPS                          (abs)        00EA4
_SD_Check40bitResponse           text20       00D04
_SD_Check8bitResponse            text19       00C88
_SD_Init                         text13       00F74
_SD_Read40bitResponse            text17       00D66
_SD_Read8bitResponse             text16       00CC2
_SD_SendCommand                  text14       006DB
_SPI_Init                        text12       00D1E
_SPI_Read                        text18       00C7A
_SPI_Write                       text15       00C81
_SSP1ADD                         (abs)        00212
_SSP1BUF                         (abs)        00211
_SSP1CON1                        (abs)        00215
_SSP1CON1bits                    (abs)        00215
_SSP1STAT                        (abs)        00214
_SSP1STATbits                    (abs)        00214
_SSPCLKPPS                       (abs)        00E3A
_SSPDATPPS                       (abs)        00E3B
_T1CON                           (abs)        0001A
_T2CLKCON                        (abs)        00497
_T2CON                           (abs)        00495
_T2PR                            (abs)        00494
_TMR1IF                          (abs)        00088
_TRISBbits                       (abs)        0008D
_TRISC2                          (abs)        00472
_TRISC3                          (abs)        00473
_TRISC4                          (abs)        00474
_TRISC7                          (abs)        00477
__CFG_FOSC$INTOSC                (abs)        00000
__CFG_PLLEN$ON                   (abs)        00000
__CFG_WDTE$OFF                   (abs)        00000
__Habs1                          abs1         00000
__Hbank0                         bank0        00000
__Hbank1                         bank1        00000
__Hbank10                        bank10       00000
__Hbank11                        bank11       00000
__Hbank12                        bank12       00000
__Hbank13                        bank13       00000
__Hbank14                        bank14       00000
__Hbank15                        bank15       00000
__Hbank16                        bank16       00000
__Hbank17                        bank17       00000
__Hbank18                        bank18       00000
__Hbank19                        bank19       00000
__Hbank2                         bank2        00000
__Hbank20                        bank20       00000
__Hbank21                        bank21       00000
__Hbank22                        bank22       00000
__Hbank23                        bank23       00000
__Hbank24                        bank24       00000
__Hbank25                        bank25       00000
__Hbank26                        bank26       00000
__Hbank27                        bank27       00000
__Hbank28                        bank28       00000
__Hbank29                        bank29       00000
__Hbank3                         bank3        00000
__Hbank30                        bank30       00000
__Hbank31                        bank31       00000
__Hbank4                         bank4        00000
__Hbank5                         bank5        00000
__Hbank6                         bank6        00000
__Hbank7                         bank7        00000
__Hbank8                         bank8        00000
__Hbank9                         bank9        00000
__Hbigram                        bigram       00000
__HbssBANK0                      bssBANK0     00000
__HbssCOMMON                     bssCOMMON    00000
__Hcinit                         cinit        00091
__Hclrtext                       clrtext      00000
__Hcode                          code         00000
__Hcommon                        common       00000
__Hconfig                        config       08009
__HcstackBANK0                   cstackBANK0  00000
__HcstackCOMMON                  cstackCOMMON 00000
__HdataBANK0                     dataBANK0    00000
__HdataBANK1                     dataBANK1    00000
__HdataBANK2                     dataBANK2    00000
__Heeprom_data                   eeprom_data  00000
__Hend_init                      end_init     00042
__Hfunctab                       functab      00000
__HidataBANK0                    idataBANK0   00000
__HidataBANK1                    idataBANK1   00000
__HidataBANK2                    idataBANK2   00000
__Hidloc                         idloc        00000
__Hinit                          init         00040
__Hinittext                      inittext     00000
__Hintentry                      intentry     00040
__Hmaintext                      maintext     00000
__Hpowerup                       powerup      00000
__Hram                           ram          00000
__Hreset_vec                     reset_vec    00002
__Hsfr0                          sfr0         00000
__Hsfr1                          sfr1         00000
__Hsfr10                         sfr10        00000
__Hsfr11                         sfr11        00000
__Hsfr12                         sfr12        00000
__Hsfr13                         sfr13        00000
__Hsfr14                         sfr14        00000
__Hsfr15                         sfr15        00000
__Hsfr16                         sfr16        00000
__Hsfr17                         sfr17        00000
__Hsfr18                         sfr18        00000
__Hsfr19                         sfr19        00000
__Hsfr2                          sfr2         00000
__Hsfr20                         sfr20        00000
__Hsfr21                         sfr21        00000
__Hsfr22                         sfr22        00000
__Hsfr23                         sfr23        00000
__Hsfr24                         sfr24        00000
__Hsfr25                         sfr25        00000
__Hsfr26                         sfr26        00000
__Hsfr27                         sfr27        00000
__Hsfr28                         sfr28        00000
__Hsfr29                         sfr29        00000
__Hsfr3                          sfr3         00000
__Hsfr30                         sfr30        00000
__Hsfr31                         sfr31        00000
__Hsfr4                          sfr4         00000
__Hsfr5                          sfr5         00000
__Hsfr6                          sfr6         00000
__Hsfr7                          sfr7         00000
__Hsfr8                          sfr8         00000
__Hsfr9                          sfr9         00000
__Hspace_0                       (abs)        08009
__Hspace_1                       (abs)        0016E
__Hspace_2                       (abs)        00000
__Hspace_3                       (abs)        00000
__Hstack                         stack        00000
__Hstrings                       strings      00000
__Hstringtext1                   stringtext1  00000
__Htext                          text         00000
__Labs1                          abs1         00000
__Lbank0                         bank0        00000
__Lbank1                         bank1        00000
__Lbank10                        bank10       00000
__Lbank11                        bank11       00000
__Lbank12                        bank12       00000
__Lbank13                        bank13       00000
__Lbank14                        bank14       00000
__Lbank15                        bank15       00000
__Lbank16                        bank16       00000
__Lbank17                        bank17       00000
__Lbank18                        bank18       00000
__Lbank19                        bank19       00000
__Lbank2                         bank2        00000
__Lbank20                        bank20       00000
__Lbank21                        bank21       00000
__Lbank22                        bank22       00000
__Lbank23                        bank23       00000
__Lbank24                        bank24       00000
__Lbank25                        bank25       00000
__Lbank26                        bank26       00000
__Lbank27                        bank27       00000
__Lbank28                        bank28       00000
__Lbank29                        bank29       00000
__Lbank3                         bank3        00000
__Lbank30                        bank30       00000
__Lbank31                        bank31       00000
__Lbank4                         bank4        00000
__Lbank5                         bank5        00000
__Lbank6                         bank6        00000
__Lbank7                         bank7        00000
__Lbank8                         bank8        00000
__Lbank9                         bank9        00000
__Lbigram                        bigram       00000
__LbssBANK0                      bssBANK0     00000
__LbssCOMMON                     bssCOMMON    00000
__Lcinit                         cinit        00042
__Lclrtext                       clrtext      00000
__Lcode                          code         00000
__Lcommon                        common       00000
__Lconfig                        config       08007
__LcstackBANK0                   cstackBANK0  00000
__LcstackCOMMON                  cstackCOMMON 00000
__LdataBANK0                     dataBANK0    00000
__LdataBANK1                     dataBANK1    00000
__LdataBANK2                     dataBANK2    00000
__Leeprom_data                   eeprom_data  00000
__Lend_init                      end_init     00040
__Lfunctab                       functab      00000
__LidataBANK0                    idataBANK0   00000
__LidataBANK1                    idataBANK1   00000
__LidataBANK2                    idataBANK2   00000
__Lidloc                         idloc        00000
__Linit                          init         00040
__Linittext                      inittext     00000
__Lintentry                      intentry     00004
__Lmaintext                      maintext     00000
__Lpowerup                       powerup      00000
__Lram                           ram          00000
__Lreset_vec                     reset_vec    00000
__Lsfr0                          sfr0         00000
__Lsfr1                          sfr1         00000
__Lsfr10                         sfr10        00000
__Lsfr11                         sfr11        00000
__Lsfr12                         sfr12        00000
__Lsfr13                         sfr13        00000
__Lsfr14                         sfr14        00000
__Lsfr15                         sfr15        00000
__Lsfr16                         sfr16        00000
__Lsfr17                         sfr17        00000
__Lsfr18                         sfr18        00000
__Lsfr19                         sfr19        00000
__Lsfr2                          sfr2         00000
__Lsfr20                         sfr20        00000
__Lsfr21                         sfr21        00000
__Lsfr22                         sfr22        00000
__Lsfr23                         sfr23        00000
__Lsfr24                         sfr24        00000
__Lsfr25                         sfr25        00000
__Lsfr26                         sfr26        00000
__Lsfr27                         sfr27        00000
__Lsfr28                         sfr28        00000
__Lsfr29                         sfr29        00000
__Lsfr3                          sfr3         00000
__Lsfr30                         sfr30        00000
__Lsfr31                         sfr31        00000
__Lsfr4                          sfr4         00000
__Lsfr5                          sfr5         00000
__Lsfr6                          sfr6         00000
__Lsfr7                          sfr7         00000
__Lsfr8                          sfr8         00000
__Lsfr9                          sfr9         00000
__Lspace_0                       (abs)        00000
__Lspace_1                       (abs)        00000
__Lspace_2                       (abs)        00000
__Lspace_3                       (abs)        00000
__Lstack                         stack        00000
__Lstrings                       strings      00000
__Lstringtext1                   stringtext1  00000
__Ltext                          text         00000
__S0                             (abs)        08009
__S1                             (abs)        0016E
__S2                             (abs)        00000
___awdiv                         text7        00E63
___awdiv@counter                 cstackCOMMON 00075
___awdiv@dividend                cstackCOMMON 00072
___awdiv@divisor                 cstackCOMMON 00070
___awdiv@quotient                cstackCOMMON 00077
___awdiv@sign                    cstackCOMMON 00076
___int_sp                        stack        00000
___latbits                       (abs)        00003
___sp                            stack        00000
___stackhi                       (abs)        025EF
___stacklo                       (abs)        02410
__end_of_CRCTable                stringtext1  005E8
__end_of_SD_Check40bitResponse   text20       00D1E
__end_of_SD_Check8bitResponse    text19       00C92
__end_of_SD_Init                 text13       01000
__end_of_SD_Read40bitResponse    text17       00D93
__end_of_SD_Read8bitResponse     text16       00CD3
__end_of_SD_SendCommand          text14       00774
__end_of_SPI_Init                text12       00D3B
__end_of_SPI_Read                text18       00C81
__end_of_SPI_Write               text15       00C88
__end_of___awdiv                 text7        00EB4
__end_of__initialization         cinit        0008D
__end_of_active                  text10       00F74
__end_of_checkButtonPress        text3        006DB
__end_of_configButtons           text2        00D04
__end_of_main                    maintext     00DC7
__end_of_playAlarm               text1        00D66
__end_of_playAudio               text9        00CEB
__end_of_playHour                text8        004E8
__end_of_playMinute              text6        003C9
__end_of_playMinute10            text5        00800
__end_of_readTime                text4        00F0D
__end_of_timeInterrupt           intentry     00040
__end_of_writeDAQ                text11       00C9D
__initialization                 cinit        00042
__pbssBANK0                      bssBANK0     00020
__pbssBIGRAM                     (abs)        021F0
__pbssBIGRAM_1                   (abs)        025F0
__pbssCOMMON                     bssCOMMON    0007D
__pcstackBANK0                   cstackBANK0  0003A
__pcstackCOMMON                  cstackCOMMON 00070
__pdataBANK0                     dataBANK0    00048
__pdataBANK1                     dataBANK1    000A0
__pdataBANK2                     dataBANK2    00120
__pidataBANK0                    idataBANK0   00CB5
__pidataBANK1                    idataBANK1   00E15
__pidataBANK2                    idataBANK2   00DC7
__pintentry                      intentry     00004
__pmaintext                      maintext     00D93
__pstringtext1                   stringtext1  004E8
__ptext1                         text1        00D3B
__ptext10                        text10       00F0D
__ptext11                        text11       00C92
__ptext12                        text12       00D1E
__ptext13                        text13       00F74
__ptext14                        text14       006DB
__ptext15                        text15       00C81
__ptext16                        text16       00CC2
__ptext17                        text17       00D66
__ptext18                        text18       00C7A
__ptext19                        text19       00C88
__ptext2                         text2        00CEB
__ptext20                        text20       00D04
__ptext3                         text3        005E8
__ptext4                         text4        00EB4
__ptext5                         text5        00774
__ptext6                         text6        00091
__ptext7                         text7        00E63
__ptext8                         text8        003C9
__ptext9                         text9        00CD3
__size_of_SD_Check40bitResponse  (abs)        00000
__size_of_SD_Check8bitResponse   (abs)        00000
__size_of_SD_Init                (abs)        00000
__size_of_SD_Read40bitResponse   (abs)        00000
__size_of_SD_Read8bitResponse    (abs)        00000
__size_of_SD_SendCommand         (abs)        00000
__size_of_SPI_Init               (abs)        00000
__size_of_SPI_Read               (abs)        00000
__size_of_SPI_Write              (abs)        00000
__size_of___awdiv                (abs)        00000
__size_of_active                 (abs)        00000
__size_of_checkButtonPress       (abs)        00000
__size_of_configButtons          (abs)        00000
__size_of_main                   (abs)        00000
__size_of_playAlarm              (abs)        00000
__size_of_playAudio              (abs)        00000
__size_of_playHour               (abs)        00000
__size_of_playMinute             (abs)        00000
__size_of_playMinute10           (abs)        00000
__size_of_readTime               (abs)        00000
__size_of_timeInterrupt          (abs)        00000
__size_of_writeDAQ               (abs)        00000
_active                          text10       00F0D
_checkButtonPress                text3        005E8
_configButtons                   text2        00CEB
_main                            maintext     00D93
_playAlarm                       text1        00D3B
_playAudio                       text9        00CD3
_playHour                        text8        003C9
_playMinute                      text6        00091
_playMinute10                    text5        00774
_pressedHour                     bssBANK0     00032
_pressedMin                      bssBANK0     00031
_pressedSnooze                   bssBANK0     0002F
_pressedTalk                     bssBANK0     00033
_pressedToggle                   bssBANK0     00030
_readTime                        text4        00EB4
_setAlarm                        dataBANK0    00053
_snooze                          bssBANK0     0002E
_timeInterrupt                   intentry     00004
_timeSaid                        bssBANK0     00034
_writeDAQ                        text11       00C92
active@readMessage               cstackCOMMON 0007A
btemp                            (abs)        0007E
clear_ram0                       clrtext      00C9D
end_of_initialization            cinit        0008D
init_ram                         inittext     00CA9
int$flags                        (abs)        0007E
intlevel0                        functab      00000
intlevel1                        functab      00000
intlevel2                        functab      00000
intlevel3                        functab      00000
intlevel4                        functab      00000
intlevel5                        functab      00000
playAudio@endAddress             cstackBANK0  0003C
playAudio@startAddress           cstackBANK0  0003A
playHour@hour                    cstackBANK0  0003E
playMinute10@minute              cstackBANK0  00040
playMinute@minute                cstackBANK0  0003E
readTime@hour                    cstackBANK0  00042
readTime@minute                  cstackBANK0  00044
readTime@temphour                cstackBANK0  00046
reset_vec                        reset_vec    00000
start                            init         00040
start_initialization             cinit        00042
timeInterrupt@G_u16secCheck      bssBANK0     00024
writeDAQ@writevalue              cstackCOMMON 00072
wtemp0                           (abs)        0007E


FUNCTION INFORMATION:

 *************** function _main *****************
 Defined at:
		line 63 in file "Lab3_Main.c"
 Parameters:    Size  Location     Type
		None
 Auto vars:     Size  Location     Type
		None
 Return value:  Size  Location     Type
                  1    wreg      void 
 Registers used:
		wreg, fsr0l, fsr0h, fsr1l, fsr1h, status,2, status,0, pclath, cstack
 Tracked objects:
		On entry : 
		On exit  : 
		Unchanged: 
 Data sizes:     COMMON   BANK0   BANK1   BANK2   BANK3   BANK4   BANK5   BANK6   BANK7   BANK8   BANK9  BANK10  BANK11  BANK12  BANK13  BANK14  BANK15  BANK16  BANK17  BANK18  BANK19  BANK20  BANK21  BANK22  BANK23  BANK24  BANK25
      Params:         0       0       0       0       0       0       0       0       0       0       0       0       0       0       0       0       0       0       0       0       0       0       0       0       0       0       0
      Locals:         0       0       0       0       0       0       0       0       0       0       0       0       0       0       0       0       0       0       0       0       0       0       0       0       0       0       0
      Temps:          0       0       0       0       0       0       0       0       0       0       0       0       0       0       0       0       0       0       0       0       0       0       0       0       0       0       0
      Totals:         0       0       0       0       0       0       0       0       0       0       0       0       0       0       0       0       0       0       0       0       0       0       0       0       0       0       0
Total ram usage:        0 bytes
 Hardware stack levels required when called:    9
 This function calls:
		_SD_Init
		_SPI_Init
		_checkButtonPress
		_configButtons
		_playAlarm
		_readTime
 This function is called by:
		Startup code after reset
 This function uses a non-reentrant model


 *************** function _playAlarm *****************
 Defined at:
		line 228 in file "Lab3_Main.c"
 Parameters:    Size  Location     Type
		None
 Auto vars:     Size  Location     Type
		None
 Return value:  Size  Location     Type
                  1    wreg      void 
 Registers used:
		wreg, fsr0l, fsr0h, fsr1l, fsr1h, status,2, status,0, pclath, cstack
 Tracked objects:
		On entry : 
		On exit  : 
		Unchanged: 
 Data sizes:     COMMON   BANK0   BANK1   BANK2   BANK3   BANK4   BANK5   BANK6   BANK7   BANK8   BANK9  BANK10  BANK11  BANK12  BANK13  BANK14  BANK15  BANK16  BANK17  BANK18  BANK19  BANK20  BANK21  BANK22  BANK23  BANK24  BANK25
      Params:         0       0       0       0       0       0       0       0       0       0       0       0       0       0       0       0       0       0       0       0       0       0       0       0       0       0       0
      Locals:         0       0       0       0       0       0       0       0       0       0       0       0       0       0       0       0       0       0       0       0       0       0       0       0       0       0       0
      Temps:          0       0       0       0       0       0       0       0       0       0       0       0       0       0       0       0       0       0       0       0       0       0       0       0       0       0       0
      Totals:         0       0       0       0       0       0       0       0       0       0       0       0       0       0       0       0       0       0       0       0       0       0       0       0       0       0       0
Total ram usage:        0 bytes
 Hardware stack levels used:    1
 Hardware stack levels required when called:    5
 This function calls:
		_playAudio
 This function is called by:
		_main
 This function uses a non-reentrant model


 *************** function _configButtons *****************
 Defined at:
		line 92 in file "Lab3_Main.c"
 Parameters:    Size  Location     Type
		None
 Auto vars:     Size  Location     Type
		None
 Return value:  Size  Location     Type
                  1    wreg      void 
 Registers used:
		None
 Tracked objects:
		On entry : 
		On exit  : 
		Unchanged: 
 Data sizes:     COMMON   BANK0   BANK1   BANK2   BANK3   BANK4   BANK5   BANK6   BANK7   BANK8   BANK9  BANK10  BANK11  BANK12  BANK13  BANK14  BANK15  BANK16  BANK17  BANK18  BANK19  BANK20  BANK21  BANK22  BANK23  BANK24  BANK25
      Params:         0       0       0       0       0       0       0       0       0       0       0       0       0       0       0       0       0       0       0       0       0       0       0       0       0       0       0
      Locals:         0       0       0       0       0       0       0       0       0       0       0       0       0       0       0       0       0       0       0       0       0       0       0       0       0       0       0
      Temps:          0       0       0       0       0       0       0       0       0       0       0       0       0       0       0       0       0       0       0       0       0       0       0       0       0       0       0
      Totals:         0       0       0       0       0       0       0       0       0       0       0       0       0       0       0       0       0       0       0       0       0       0       0       0       0       0       0
Total ram usage:        0 bytes
 Hardware stack levels used:    1
 Hardware stack levels required when called:    1
 This function calls:
		Nothing
 This function is called by:
		_main
 This function uses a non-reentrant model


 *************** function _checkButtonPress *****************
 Defined at:
		line 109 in file "Lab3_Main.c"
 Parameters:    Size  Location     Type
		None
 Auto vars:     Size  Location     Type
		None
 Return value:  Size  Location     Type
                  1    wreg      void 
 Registers used:
		wreg, fsr0l, fsr0h, fsr1l, fsr1h, status,2, status,0, pclath, cstack
 Tracked objects:
		On entry : 
		On exit  : 
		Unchanged: 
 Data sizes:     COMMON   BANK0   BANK1   BANK2   BANK3   BANK4   BANK5   BANK6   BANK7   BANK8   BANK9  BANK10  BANK11  BANK12  BANK13  BANK14  BANK15  BANK16  BANK17  BANK18  BANK19  BANK20  BANK21  BANK22  BANK23  BANK24  BANK25
      Params:         0       0       0       0       0       0       0       0       0       0       0       0       0       0       0       0       0       0       0       0       0       0       0       0       0       0       0
      Locals:         0       0       0       0       0       0       0       0       0       0       0       0       0       0       0       0       0       0       0       0       0       0       0       0       0       0       0
      Temps:          0       0       0       0       0       0       0       0       0       0       0       0       0       0       0       0       0       0       0       0       0       0       0       0       0       0       0
      Totals:         0       0       0       0       0       0       0       0       0       0       0       0       0       0       0       0       0       0       0       0       0       0       0       0       0       0       0
Total ram usage:        0 bytes
 Hardware stack levels used:    1
 Hardware stack levels required when called:    8
 This function calls:
		_playAudio
		_readTime
 This function is called by:
		_main
 This function uses a non-reentrant model


 *************** function _readTime *****************
 Defined at:
		line 208 in file "Lab3_Main.c"
 Parameters:    Size  Location     Type
  hour            2    8[BANK0 ] short 
  minute          2   10[BANK0 ] short 
 Auto vars:     Size  Location     Type
  temphour        2   12[BANK0 ] unsigned short 
 Return value:  Size  Location     Type
                  1    wreg      void 
 Registers used:
		wreg, fsr0l, fsr0h, fsr1l, fsr1h, status,2, status,0, pclath, cstack
 Tracked objects:
		On entry : 
		On exit  : 
		Unchanged: 
 Data sizes:     COMMON   BANK0   BANK1   BANK2   BANK3   BANK4   BANK5   BANK6   BANK7   BANK8   BANK9  BANK10  BANK11  BANK12  BANK13  BANK14  BANK15  BANK16  BANK17  BANK18  BANK19  BANK20  BANK21  BANK22  BANK23  BANK24  BANK25
      Params:         0       4       0       0       0       0       0       0       0       0       0       0       0       0       0       0       0       0       0       0       0       0       0       0       0       0       0
      Locals:         0       2       0       0       0       0       0       0       0       0       0       0       0       0       0       0       0       0       0       0       0       0       0       0       0       0       0
      Temps:          1       0       0       0       0       0       0       0       0       0       0       0       0       0       0       0       0       0       0       0       0       0       0       0       0       0       0
      Totals:         1       6       0       0       0       0       0       0       0       0       0       0       0       0       0       0       0       0       0       0       0       0       0       0       0       0       0
Total ram usage:        7 bytes
 Hardware stack levels used:    1
 Hardware stack levels required when called:    7
 This function calls:
		_playAudio
		_playHour
		_playMinute10
 This function is called by:
		_main
		_checkButtonPress
 This function uses a non-reentrant model


 *************** function _playMinute10 *****************
 Defined at:
		line 268 in file "Lab3_Main.c"
 Parameters:    Size  Location     Type
  minute          2    6[BANK0 ] short 
 Auto vars:     Size  Location     Type
		None
 Return value:  Size  Location     Type
                  1    wreg      void 
 Registers used:
		wreg, fsr0l, fsr0h, fsr1l, fsr1h, status,2, status,0, pclath, cstack
 Tracked objects:
		On entry : 
		On exit  : 
		Unchanged: 
 Data sizes:     COMMON   BANK0   BANK1   BANK2   BANK3   BANK4   BANK5   BANK6   BANK7   BANK8   BANK9  BANK10  BANK11  BANK12  BANK13  BANK14  BANK15  BANK16  BANK17  BANK18  BANK19  BANK20  BANK21  BANK22  BANK23  BANK24  BANK25
      Params:         0       2       0       0       0       0       0       0       0       0       0       0       0       0       0       0       0       0       0       0       0       0       0       0       0       0       0
      Locals:         0       0       0       0       0       0       0       0       0       0       0       0       0       0       0       0       0       0       0       0       0       0       0       0       0       0       0
      Temps:          0       0       0       0       0       0       0       0       0       0       0       0       0       0       0       0       0       0       0       0       0       0       0       0       0       0       0
      Totals:         0       2       0       0       0       0       0       0       0       0       0       0       0       0       0       0       0       0       0       0       0       0       0       0       0       0       0
Total ram usage:        2 bytes
 Hardware stack levels used:    1
 Hardware stack levels required when called:    6
 This function calls:
		___awdiv
		_playAudio
		_playMinute
 This function is called by:
		_readTime
 This function uses a non-reentrant model


 *************** function _playMinute *****************
 Defined at:
		line 283 in file "Lab3_Main.c"
 Parameters:    Size  Location     Type
  minute          2    4[BANK0 ] short 
 Auto vars:     Size  Location     Type
		None
 Return value:  Size  Location     Type
                  1    wreg      void 
 Registers used:
		wreg, fsr0l, fsr0h, fsr1l, fsr1h, status,2, status,0, pclath, cstack
 Tracked objects:
		On entry : 
		On exit  : 
		Unchanged: 
 Data sizes:     COMMON   BANK0   BANK1   BANK2   BANK3   BANK4   BANK5   BANK6   BANK7   BANK8   BANK9  BANK10  BANK11  BANK12  BANK13  BANK14  BANK15  BANK16  BANK17  BANK18  BANK19  BANK20  BANK21  BANK22  BANK23  BANK24  BANK25
      Params:         0       2       0       0       0       0       0       0       0       0       0       0       0       0       0       0       0       0       0       0       0       0       0       0       0       0       0
      Locals:         0       0       0       0       0       0       0       0       0       0       0       0       0       0       0       0       0       0       0       0       0       0       0       0       0       0       0
      Temps:          0       0       0       0       0       0       0       0       0       0       0       0       0       0       0       0       0       0       0       0       0       0       0       0       0       0       0
      Totals:         0       2       0       0       0       0       0       0       0       0       0       0       0       0       0       0       0       0       0       0       0       0       0       0       0       0       0
Total ram usage:        2 bytes
 Hardware stack levels used:    1
 Hardware stack levels required when called:    5
 This function calls:
		___awdiv
		_playAudio
 This function is called by:
		_playMinute10
 This function uses a non-reentrant model


 *************** function ___awdiv *****************
 Defined at:
		line 5 in file "C:\Program Files (x86)\Microchip\xc8\v2.05\pic\sources\c99\common\awdiv.c"
 Parameters:    Size  Location     Type
  divisor         2    0[COMMON] int 
  dividend        2    2[COMMON] int 
 Auto vars:     Size  Location     Type
  quotient        2    7[COMMON] int 
  sign            1    6[COMMON] unsigned char 
  counter         1    5[COMMON] unsigned char 
 Return value:  Size  Location     Type
                  2    0[COMMON] int 
 Registers used:
		wreg, status,2, status,0
 Tracked objects:
		On entry : 
		On exit  : 
		Unchanged: 
 Data sizes:     COMMON   BANK0   BANK1   BANK2   BANK3   BANK4   BANK5   BANK6   BANK7   BANK8   BANK9  BANK10  BANK11  BANK12  BANK13  BANK14  BANK15  BANK16  BANK17  BANK18  BANK19  BANK20  BANK21  BANK22  BANK23  BANK24  BANK25
      Params:         4       0       0       0       0       0       0       0       0       0       0       0       0       0       0       0       0       0       0       0       0       0       0       0       0       0       0
      Locals:         4       0       0       0       0       0       0       0       0       0       0       0       0       0       0       0       0       0       0       0       0       0       0       0       0       0       0
      Temps:          1       0       0       0       0       0       0       0       0       0       0       0       0       0       0       0       0       0       0       0       0       0       0       0       0       0       0
      Totals:         9       0       0       0       0       0       0       0       0       0       0       0       0       0       0       0       0       0       0       0       0       0       0       0       0       0       0
Total ram usage:        9 bytes
 Hardware stack levels used:    1
 Hardware stack levels required when called:    1
 This function calls:
		Nothing
 This function is called by:
		_playMinute10
		_playMinute
 This function uses a non-reentrant model


 *************** function _playHour *****************
 Defined at:
		line 239 in file "Lab3_Main.c"
 Parameters:    Size  Location     Type
  hour            2    4[BANK0 ] short 
 Auto vars:     Size  Location     Type
		None
 Return value:  Size  Location     Type
                  1    wreg      void 
 Registers used:
		wreg, fsr0l, fsr0h, fsr1l, fsr1h, status,2, status,0, pclath, cstack
 Tracked objects:
		On entry : 
		On exit  : 
		Unchanged: 
 Data sizes:     COMMON   BANK0   BANK1   BANK2   BANK3   BANK4   BANK5   BANK6   BANK7   BANK8   BANK9  BANK10  BANK11  BANK12  BANK13  BANK14  BANK15  BANK16  BANK17  BANK18  BANK19  BANK20  BANK21  BANK22  BANK23  BANK24  BANK25
      Params:         0       2       0       0       0       0       0       0       0       0       0       0       0       0       0       0       0       0       0       0       0       0       0       0       0       0       0
      Locals:         0       0       0       0       0       0       0       0       0       0       0       0       0       0       0       0       0       0       0       0       0       0       0       0       0       0       0
      Temps:          0       0       0       0       0       0       0       0       0       0       0       0       0       0       0       0       0       0       0       0       0       0       0       0       0       0       0
      Totals:         0       2       0       0       0       0       0       0       0       0       0       0       0       0       0       0       0       0       0       0       0       0       0       0       0       0       0
Total ram usage:        2 bytes
 Hardware stack levels used:    1
 Hardware stack levels required when called:    5
 This function calls:
		_playAudio
 This function is called by:
		_readTime
 This function uses a non-reentrant model


 *************** function _playAudio *****************
 Defined at:
		line 349 in file "Lab3_Main.c"
 Parameters:    Size  Location     Type
  startAddress    2    0[BANK0 ] short 
  endAddress      2    2[BANK0 ] short 
 Auto vars:     Size  Location     Type
		None
 Return value:  Size  Location     Type
                  1    wreg      void 
 Registers used:
		wreg, fsr0l, fsr0h, fsr1l, fsr1h, status,2, status,0, pclath, cstack
 Tracked objects:
		On entry : 
		On exit  : 
		Unchanged: 
 Data sizes:     COMMON   BANK0   BANK1   BANK2   BANK3   BANK4   BANK5   BANK6   BANK7   BANK8   BANK9  BANK10  BANK11  BANK12  BANK13  BANK14  BANK15  BANK16  BANK17  BANK18  BANK19  BANK20  BANK21  BANK22  BANK23  BANK24  BANK25
      Params:         0       4       0       0       0       0       0       0       0       0       0       0       0       0       0       0       0       0       0       0       0       0       0       0       0       0       0
      Locals:         0       0       0       0       0       0       0       0       0       0       0       0       0       0       0       0       0       0       0       0       0       0       0       0       0       0       0
      Temps:          1       0       0       0       0       0       0       0       0       0       0       0       0       0       0       0       0       0       0       0       0       0       0       0       0       0       0
      Totals:         1       4       0       0       0       0       0       0       0       0       0       0       0       0       0       0       0       0       0       0       0       0       0       0       0       0       0
Total ram usage:        5 bytes
 Hardware stack levels used:    1
 Hardware stack levels required when called:    4
 This function calls:
		_active
 This function is called by:
		_checkButtonPress
		_readTime
		_playAlarm
		_playHour
		_playMinute10
		_playMinute
 This function uses a non-reentrant model


 *************** function _active *****************
 Defined at:
		line 362 in file "Lab3_Main.c"
 Parameters:    Size  Location     Type
		None
 Auto vars:     Size  Location     Type
  readMessage     1   10[COMMON] unsigned char 
 Return value:  Size  Location     Type
                  1    wreg      void 
 Registers used:
		wreg, fsr0l, fsr0h, fsr1l, fsr1h, status,2, status,0, pclath, cstack
 Tracked objects:
		On entry : 
		On exit  : 
		Unchanged: 
 Data sizes:     COMMON   BANK0   BANK1   BANK2   BANK3   BANK4   BANK5   BANK6   BANK7   BANK8   BANK9  BANK10  BANK11  BANK12  BANK13  BANK14  BANK15  BANK16  BANK17  BANK18  BANK19  BANK20  BANK21  BANK22  BANK23  BANK24  BANK25
      Params:         0       0       0       0       0       0       0       0       0       0       0       0       0       0       0       0       0       0       0       0       0       0       0       0       0       0       0
      Locals:         1       0       0       0       0       0       0       0       0       0       0       0       0       0       0       0       0       0       0       0       0       0       0       0       0       0       0
      Temps:          1       0       0       0       0       0       0       0       0       0       0       0       0       0       0       0       0       0       0       0       0       0       0       0       0       0       0
      Totals:         2       0       0       0       0       0       0       0       0       0       0       0       0       0       0       0       0       0       0       0       0       0       0       0       0       0       0
Total ram usage:        2 bytes
 Hardware stack levels used:    1
 Hardware stack levels required when called:    3
 This function calls:
		_SD_Read8bitResponse
		_SD_SendCommand
		_SPI_Read
		_writeDAQ
 This function is called by:
		_playAudio
 This function uses a non-reentrant model


 *************** function _writeDAQ *****************
 Defined at:
		line 405 in file "Lab3_Main.c"
 Parameters:    Size  Location     Type
  writevalue      1    wreg     unsigned char 
 Auto vars:     Size  Location     Type
  writevalue      1    2[COMMON] unsigned char 
 Return value:  Size  Location     Type
                  1    wreg      void 
 Registers used:
		wreg
 Tracked objects:
		On entry : 
		On exit  : 
		Unchanged: 
 Data sizes:     COMMON   BANK0   BANK1   BANK2   BANK3   BANK4   BANK5   BANK6   BANK7   BANK8   BANK9  BANK10  BANK11  BANK12  BANK13  BANK14  BANK15  BANK16  BANK17  BANK18  BANK19  BANK20  BANK21  BANK22  BANK23  BANK24  BANK25
      Params:         0       0       0       0       0       0       0       0       0       0       0       0       0       0       0       0       0       0       0       0       0       0       0       0       0       0       0
      Locals:         1       0       0       0       0       0       0       0       0       0       0       0       0       0       0       0       0       0       0       0       0       0       0       0       0       0       0
      Temps:          2       0       0       0       0       0       0       0       0       0       0       0       0       0       0       0       0       0       0       0       0       0       0       0       0       0       0
      Totals:         3       0       0       0       0       0       0       0       0       0       0       0       0       0       0       0       0       0       0       0       0       0       0       0       0       0       0
Total ram usage:        3 bytes
 Hardware stack levels used:    1
 Hardware stack levels required when called:    1
 This function calls:
		Nothing
 This function is called by:
		_active
 This function uses a non-reentrant model


 *************** function _SPI_Init *****************
 Defined at:
		line 7 in file "Lab3_SPI.c"
 Parameters:    Size  Location     Type
		None
 Auto vars:     Size  Location     Type
		None
 Return value:  Size  Location     Type
                  1    wreg      void 
 Registers used:
		wreg, status,2
 Tracked objects:
		On entry : 
		On exit  : 
		Unchanged: 
 Data sizes:     COMMON   BANK0   BANK1   BANK2   BANK3   BANK4   BANK5   BANK6   BANK7   BANK8   BANK9  BANK10  BANK11  BANK12  BANK13  BANK14  BANK15  BANK16  BANK17  BANK18  BANK19  BANK20  BANK21  BANK22  BANK23  BANK24  BANK25
      Params:         0       0       0       0       0       0       0       0       0       0       0       0       0       0       0       0       0       0       0       0       0       0       0       0       0       0       0
      Locals:         0       0       0       0       0       0       0       0       0       0       0       0       0       0       0       0       0       0       0       0       0       0       0       0       0       0       0
      Temps:          0       0       0       0       0       0       0       0       0       0       0       0       0       0       0       0       0       0       0       0       0       0       0       0       0       0       0
      Totals:         0       0       0       0       0       0       0       0       0       0       0       0       0       0       0       0       0       0       0       0       0       0       0       0       0       0       0
Total ram usage:        0 bytes
 Hardware stack levels used:    1
 Hardware stack levels required when called:    1
 This function calls:
		Nothing
 This function is called by:
		_main
 This function uses a non-reentrant model


 *************** function _SD_Init *****************
 Defined at:
		line 11 in file "Lab3_SD.c"
 Parameters:    Size  Location     Type
		None
 Auto vars:     Size  Location     Type
		None
 Return value:  Size  Location     Type
                  1    wreg      void 
 Registers used:
		wreg, fsr0l, fsr0h, status,2, status,0, pclath, cstack
 Tracked objects:
		On entry : 
		On exit  : 
		Unchanged: 
 Data sizes:     COMMON   BANK0   BANK1   BANK2   BANK3   BANK4   BANK5   BANK6   BANK7   BANK8   BANK9  BANK10  BANK11  BANK12  BANK13  BANK14  BANK15  BANK16  BANK17  BANK18  BANK19  BANK20  BANK21  BANK22  BANK23  BANK24  BANK25
      Params:         0       0       0       0       0       0       0       0       0       0       0       0       0       0       0       0       0       0       0       0       0       0       0       0       0       0       0
      Locals:         0       0       0       0       0       0       0       0       0       0       0       0       0       0       0       0       0       0       0       0       0       0       0       0       0       0       0
      Temps:          1       0       0       0       0       0       0       0       0       0       0       0       0       0       0       0       0       0       0       0       0       0       0       0       0       0       0
      Totals:         1       0       0       0       0       0       0       0       0       0       0       0       0       0       0       0       0       0       0       0       0       0       0       0       0       0       0
Total ram usage:        1 bytes
 Hardware stack levels used:    1
 Hardware stack levels required when called:    3
 This function calls:
		_SD_Check40bitResponse
		_SD_Check8bitResponse
		_SD_Read40bitResponse
		_SD_Read8bitResponse
		_SD_SendCommand
		_SPI_Write
 This function is called by:
		_main
 This function uses a non-reentrant model


 *************** function _SD_SendCommand *****************
 Defined at:
		line 78 in file "Lab3_SD.c"
 Parameters:    Size  Location     Type
  CMD_6bit        1    wreg     unsigned char 
  ARG3            1    1[COMMON] unsigned char 
  ARG2            1    2[COMMON] unsigned char 
  ARG1            1    3[COMMON] unsigned char 
  ARG0            1    4[COMMON] unsigned char 
 Auto vars:     Size  Location     Type
  CMD_6bit        1    6[COMMON] unsigned char 
  Checksum        1    8[COMMON] unsigned char 
  ByteToSend      1    7[COMMON] unsigned char 
 Return value:  Size  Location     Type
                  1    wreg      void 
 Registers used:
		wreg, fsr0l, fsr0h, status,2, status,0, pclath, cstack
 Tracked objects:
		On entry : 
		On exit  : 
		Unchanged: 
 Data sizes:     COMMON   BANK0   BANK1   BANK2   BANK3   BANK4   BANK5   BANK6   BANK7   BANK8   BANK9  BANK10  BANK11  BANK12  BANK13  BANK14  BANK15  BANK16  BANK17  BANK18  BANK19  BANK20  BANK21  BANK22  BANK23  BANK24  BANK25
      Params:         4       0       0       0       0       0       0       0       0       0       0       0       0       0       0       0       0       0       0       0       0       0       0       0       0       0       0
      Locals:         3       0       0       0       0       0       0       0       0       0       0       0       0       0       0       0       0       0       0       0       0       0       0       0       0       0       0
      Temps:          1       0       0       0       0       0       0       0       0       0       0       0       0       0       0       0       0       0       0       0       0       0       0       0       0       0       0
      Totals:         8       0       0       0       0       0       0       0       0       0       0       0       0       0       0       0       0       0       0       0       0       0       0       0       0       0       0
Total ram usage:        8 bytes
 Hardware stack levels used:    1
 Hardware stack levels required when called:    2
 This function calls:
		_SPI_Write
 This function is called by:
		_SD_Init
		_active
		_SD_WriteBlock
		_SD_ReadBlock
 This function uses a non-reentrant model


 *************** function _SPI_Write *****************
 Defined at:
		line 39 in file "Lab3_SPI.c"
 Parameters:    Size  Location     Type
  Data_8bit       1    wreg     unsigned char 
 Auto vars:     Size  Location     Type
  Data_8bit       1    0[COMMON] unsigned char 
 Return value:  Size  Location     Type
                  1    wreg      void 
 Registers used:
		wreg
 Tracked objects:
		On entry : 
		On exit  : 
		Unchanged: 
 Data sizes:     COMMON   BANK0   BANK1   BANK2   BANK3   BANK4   BANK5   BANK6   BANK7   BANK8   BANK9  BANK10  BANK11  BANK12  BANK13  BANK14  BANK15  BANK16  BANK17  BANK18  BANK19  BANK20  BANK21  BANK22  BANK23  BANK24  BANK25
      Params:         0       0       0       0       0       0       0       0       0       0       0       0       0       0       0       0       0       0       0       0       0       0       0       0       0       0       0
      Locals:         1       0       0       0       0       0       0       0       0       0       0       0       0       0       0       0       0       0       0       0       0       0       0       0       0       0       0
      Temps:          0       0       0       0       0       0       0       0       0       0       0       0       0       0       0       0       0       0       0       0       0       0       0       0       0       0       0
      Totals:         1       0       0       0       0       0       0       0       0       0       0       0       0       0       0       0       0       0       0       0       0       0       0       0       0       0       0
Total ram usage:        1 bytes
 Hardware stack levels used:    1
 Hardware stack levels required when called:    1
 This function calls:
		Nothing
 This function is called by:
		_SD_Init
		_SD_SendCommand
		_SD_WriteBlock
 This function uses a non-reentrant model


 *************** function _SD_Read8bitResponse *****************
 Defined at:
		line 114 in file "Lab3_SD.c"
 Parameters:    Size  Location     Type
		None
 Auto vars:     Size  Location     Type
  readMessage     1    1[COMMON] unsigned char 
 Return value:  Size  Location     Type
                  1    wreg      void 
 Registers used:
		wreg, status,2, status,0, pclath, cstack
 Tracked objects:
		On entry : 
		On exit  : 
		Unchanged: 
 Data sizes:     COMMON   BANK0   BANK1   BANK2   BANK3   BANK4   BANK5   BANK6   BANK7   BANK8   BANK9  BANK10  BANK11  BANK12  BANK13  BANK14  BANK15  BANK16  BANK17  BANK18  BANK19  BANK20  BANK21  BANK22  BANK23  BANK24  BANK25
      Params:         0       0       0       0       0       0       0       0       0       0       0       0       0       0       0       0       0       0       0       0       0       0       0       0       0       0       0
      Locals:         1       0       0       0       0       0       0       0       0       0       0       0       0       0       0       0       0       0       0       0       0       0       0       0       0       0       0
      Temps:          1       0       0       0       0       0       0       0       0       0       0       0       0       0       0       0       0       0       0       0       0       0       0       0       0       0       0
      Totals:         2       0       0       0       0       0       0       0       0       0       0       0       0       0       0       0       0       0       0       0       0       0       0       0       0       0       0
Total ram usage:        2 bytes
 Hardware stack levels used:    1
 Hardware stack levels required when called:    2
 This function calls:
		_SPI_Read
 This function is called by:
		_SD_Init
		_active
		_SD_WriteBlock
		_SD_ReadBlock
 This function uses a non-reentrant model


 *************** function _SD_Read40bitResponse *****************
 Defined at:
		line 145 in file "Lab3_SD.c"
 Parameters:    Size  Location     Type
		None
 Auto vars:     Size  Location     Type
  readMessage     1    1[COMMON] unsigned char 
 Return value:  Size  Location     Type
                  1    wreg      void 
 Registers used:
		wreg, status,2, status,0, pclath, cstack
 Tracked objects:
		On entry : 
		On exit  : 
		Unchanged: 
 Data sizes:     COMMON   BANK0   BANK1   BANK2   BANK3   BANK4   BANK5   BANK6   BANK7   BANK8   BANK9  BANK10  BANK11  BANK12  BANK13  BANK14  BANK15  BANK16  BANK17  BANK18  BANK19  BANK20  BANK21  BANK22  BANK23  BANK24  BANK25
      Params:         0       0       0       0       0       0       0       0       0       0       0       0       0       0       0       0       0       0       0       0       0       0       0       0       0       0       0
      Locals:         1       0       0       0       0       0       0       0       0       0       0       0       0       0       0       0       0       0       0       0       0       0       0       0       0       0       0
      Temps:          1       0       0       0       0       0       0       0       0       0       0       0       0       0       0       0       0       0       0       0       0       0       0       0       0       0       0
      Totals:         2       0       0       0       0       0       0       0       0       0       0       0       0       0       0       0       0       0       0       0       0       0       0       0       0       0       0
Total ram usage:        2 bytes
 Hardware stack levels used:    1
 Hardware stack levels required when called:    2
 This function calls:
		_SPI_Read
 This function is called by:
		_SD_Init
 This function uses a non-reentrant model


 *************** function _SPI_Read *****************
 Defined at:
		line 48 in file "Lab3_SPI.c"
 Parameters:    Size  Location     Type
		None
 Auto vars:     Size  Location     Type
		None
 Return value:  Size  Location     Type
                  1    wreg      unsigned char 
 Registers used:
		wreg
 Tracked objects:
		On entry : 
		On exit  : 
		Unchanged: 
 Data sizes:     COMMON   BANK0   BANK1   BANK2   BANK3   BANK4   BANK5   BANK6   BANK7   BANK8   BANK9  BANK10  BANK11  BANK12  BANK13  BANK14  BANK15  BANK16  BANK17  BANK18  BANK19  BANK20  BANK21  BANK22  BANK23  BANK24  BANK25
      Params:         0       0       0       0       0       0       0       0       0       0       0       0       0       0       0       0       0       0       0       0       0       0       0       0       0       0       0
      Locals:         0       0       0       0       0       0       0       0       0       0       0       0       0       0       0       0       0       0       0       0       0       0       0       0       0       0       0
      Temps:          0       0       0       0       0       0       0       0       0       0       0       0       0       0       0       0       0       0       0       0       0       0       0       0       0       0       0
      Totals:         0       0       0       0       0       0       0       0       0       0       0       0       0       0       0       0       0       0       0       0       0       0       0       0       0       0       0
Total ram usage:        0 bytes
 Hardware stack levels used:    1
 Hardware stack levels required when called:    1
 This function calls:
		Nothing
 This function is called by:
		_SD_Read8bitResponse
		_SD_Read40bitResponse
		_active
		_SD_ReadBlock
 This function uses a non-reentrant model


 *************** function _SD_Check8bitResponse *****************
 Defined at:
		line 135 in file "Lab3_SD.c"
 Parameters:    Size  Location     Type
  Byte            1    wreg     unsigned char 
 Auto vars:     Size  Location     Type
  Byte            1    0[COMMON] unsigned char 
  match           1    1[COMMON] _Bool 
 Return value:  Size  Location     Type
                  1    wreg      _Bool 
 Registers used:
		wreg, status,2
 Tracked objects:
		On entry : 
		On exit  : 
		Unchanged: 
 Data sizes:     COMMON   BANK0   BANK1   BANK2   BANK3   BANK4   BANK5   BANK6   BANK7   BANK8   BANK9  BANK10  BANK11  BANK12  BANK13  BANK14  BANK15  BANK16  BANK17  BANK18  BANK19  BANK20  BANK21  BANK22  BANK23  BANK24  BANK25
      Params:         0       0       0       0       0       0       0       0       0       0       0       0       0       0       0       0       0       0       0       0       0       0       0       0       0       0       0
      Locals:         2       0       0       0       0       0       0       0       0       0       0       0       0       0       0       0       0       0       0       0       0       0       0       0       0       0       0
      Temps:          0       0       0       0       0       0       0       0       0       0       0       0       0       0       0       0       0       0       0       0       0       0       0       0       0       0       0
      Totals:         2       0       0       0       0       0       0       0       0       0       0       0       0       0       0       0       0       0       0       0       0       0       0       0       0       0       0
Total ram usage:        2 bytes
 Hardware stack levels used:    1
 Hardware stack levels required when called:    1
 This function calls:
		Nothing
 This function is called by:
		_SD_Init
		_SD_WriteBlock
		_SD_ReadBlock
 This function uses a non-reentrant model


 *************** function _SD_Check40bitResponse *****************
 Defined at:
		line 171 in file "Lab3_SD.c"
 Parameters:    Size  Location     Type
  Byte4           1    wreg     unsigned char 
  Byte3           1    0[COMMON] unsigned char 
  Byte2           1    1[COMMON] unsigned char 
  Byte1           1    2[COMMON] unsigned char 
  Byte0           1    3[COMMON] unsigned char 
 Auto vars:     Size  Location     Type
  Byte4           1    4[COMMON] unsigned char 
  match           1    5[COMMON] _Bool 
 Return value:  Size  Location     Type
                  1    wreg      _Bool 
 Registers used:
		wreg, status,2
 Tracked objects:
		On entry : 
		On exit  : 
		Unchanged: 
 Data sizes:     COMMON   BANK0   BANK1   BANK2   BANK3   BANK4   BANK5   BANK6   BANK7   BANK8   BANK9  BANK10  BANK11  BANK12  BANK13  BANK14  BANK15  BANK16  BANK17  BANK18  BANK19  BANK20  BANK21  BANK22  BANK23  BANK24  BANK25
      Params:         4       0       0       0       0       0       0       0       0       0       0       0       0       0       0       0       0       0       0       0       0       0       0       0       0       0       0
      Locals:         2       0       0       0       0       0       0       0       0       0       0       0       0       0       0       0       0       0       0       0       0       0       0       0       0       0       0
      Temps:          0       0       0       0       0       0       0       0       0       0       0       0       0       0       0       0       0       0       0       0       0       0       0       0       0       0       0
      Totals:         6       0       0       0       0       0       0       0       0       0       0       0       0       0       0       0       0       0       0       0       0       0       0       0       0       0       0
Total ram usage:        6 bytes
 Hardware stack levels used:    1
 Hardware stack levels required when called:    1
 This function calls:
		Nothing
 This function is called by:
		_SD_Init
 This function uses a non-reentrant model


 *************** function _timeInterrupt *****************
 Defined at:
		line 410 in file "Lab3_Main.c"
 Parameters:    Size  Location     Type
		None
 Auto vars:     Size  Location     Type
		None
 Return value:  Size  Location     Type
                  1    wreg      void 
 Registers used:
		wreg, status,2, status,0
 Tracked objects:
		On entry : 
		On exit  : 
		Unchanged: 
 Data sizes:     COMMON   BANK0   BANK1   BANK2   BANK3   BANK4   BANK5   BANK6   BANK7   BANK8   BANK9  BANK10  BANK11  BANK12  BANK13  BANK14  BANK15  BANK16  BANK17  BANK18  BANK19  BANK20  BANK21  BANK22  BANK23  BANK24  BANK25
      Params:         0       0       0       0       0       0       0       0       0       0       0       0       0       0       0       0       0       0       0       0       0       0       0       0       0       0       0
      Locals:         0       0       0       0       0       0       0       0       0       0       0       0       0       0       0       0       0       0       0       0       0       0       0       0       0       0       0
      Temps:          0       0       0       0       0       0       0       0       0       0       0       0       0       0       0       0       0       0       0       0       0       0       0       0       0       0       0
      Totals:         0       0       0       0       0       0       0       0       0       0       0       0       0       0       0       0       0       0       0       0       0       0       0       0       0       0       0
Total ram usage:        0 bytes
 Hardware stack levels used:    1
 This function calls:
		Nothing
 This function is called by:
		Interrupt level 1
 This function uses a non-reentrant model



MODULE INFORMATION

Module		Function		Class		Link	Load	Size
Lab3_Main.c
		_checkButtonPress		CODE           	05E8	0000	244
		_configButtons 		CODE           	0CEB	0000	26
		_playMinute    		CODE           	0091	0000	825
		_playHour      		CODE           	03C9	0000	288
		_playAlarm     		CODE           	0D3B	0000	44
		_playMinute10  		CODE           	0774	0000	141
		_active        		CODE           	0F0D	0000	104
		_timeInterrupt 		CODE           	0004	0000	61
		_main          		CODE           	0D93	0000	53
		_playAudio     		CODE           	0CD3	0000	25
		_writeDAQ      		CODE           	0C92	0000	12
		_readTime      		CODE           	0EB4	0000	90

Lab3_Main.c estimated size: 1913

Lab3_SPI.c
		_SPI_Write     		CODE           	0C81	0000	8
		_SPI_Read      		CODE           	0C7A	0000	8
		_SPI_Init      		CODE           	0D1E	0000	30

Lab3_SPI.c estimated size: 46

C:\Program Files (x86)\Microchip\xc8\v2.05\pic\sources\c99\common\awdiv.c
		___awdiv       		CODE           	0E63	0000	82

C:\Program Files (x86)\Microchip\xc8\v2.05\pic\sources\c99\common\awdiv.c estimated size: 82

Lab3_SD.c
		_SD_Read8bitResponse		CODE           	0CC2	0000	18
		_SD_Check8bitResponse		CODE           	0C88	0000	11
		_SD_Read40bitResponse		CODE           	0D66	0000	46
		_SD_Init       		CODE           	0F74	0000	141
		_SD_Check40bitResponse		CODE           	0D04	0000	27
		_SD_SendCommand		CODE           	06DB	0000	154

Lab3_SD.c estimated size: 397

shared
		_CRCTable      		STRCODE        	04E8	0000	257
		__initialization		CODE           	0042	0000	76

shared estimated size: 333

